// Jest Snapshot v1, https://goo.gl/fbAQLP

exports[`footer Render match snapshot  1`] = `
<div>
  <h1>
    404 not found
  </h1>
  <p>
    The page your are searching for is not here!
  </p>
</div>
`;
